Script started on 2019-03-15 15:00:46+0530
]0;black-knight@napoleon: ~/Development/database-open-ended[01;32mblack-knight@napoleon[00m:[01;34m~/Development/database-open-ended[00m$ [H[2J]0;black-knight@napoleon: ~/Development/database-open-ended[01;32mblack-knight@napoleon[00m:[01;34m~/Development/database-open-ended[00m$ my[K[Kmysqlconnect 
Enter password: 
ERROR 1045 (28000): Access denied for user 'sql12283387'@'49.249.251.206' (using password: YES)
]0;black-knight@napoleon: ~/Development/database-open-ended[01;32mblack-knight@napoleon[00m:[01;34m~/Development/database-open-ended[00m$ [H[2J]0;black-knight@napoleon: ~/Development/database-open-ended[01;32mblack-knight@napoleon[00m:[01;34m~/Development/database-open-ended[00m$ mysqlconnect 
Enter password: 
Welcome to the MySQL monitor.  Commands end with ; or \g.
Your MySQL connection id is 48716371
Server version: 5.5.58-0ubuntu0.14.04.1 (Ubuntu)

Copyright (c) 2000, 2019, Oracle and/or its affiliates. All rights reserved.

Oracle is a registered trademark of Oracle Corporation and/or its
affiliates. Other names may be trademarks of their respective
owners.

Type 'help;' or '\h' for help. Type '\c' to clear the current input statement.

mysql> [H[2Jmysql> se[K[Kcreate ra[K[Ktable co[Kustomer(customer_id int, customer_name varcahr([K[K[K[K[Kh[Kchar(3[K20), customer_email varcahr([K[K[K[Khar(50),[K[K[K[K[K[K[K[K[K[K[K[K[K[K[K[K[K[K[K[K[K[K[K[K[K[K[K[K[K[K[K[K[K[K[K[K[K[K[K[K[K[K[K[K[K[K[K[K[K[K[K[K[K[K[K[K[K[K[K[K[K[K[K[K[K[K[K[Kr(/
    -> cusom[Ktomer_id varcahr[K[K[K[K[K[K[Kint,/
    -> cusomter_name[K[K[K[K[K[K[K[K[K[K[K[K[K;
ERROR 1064 (42000): You have an error in your SQL syntax; check the manual that corresponds to your MySQL server version for the right syntax to use near '/
cusotomer_id int,/' at line 1
mysql> [H[2Jmysql> howmysql> ho[K[Kshowt tab[K[K[K[K tables;
+-----------------------+
| Tables_in_sql12283387 |
+-----------------------+
| seller                |
+-----------------------+
1 row in set (0.04 sec)

mysql> desc tables;
ERROR 1146 (42S02): Table 'sql12283387.tables' doesn't exist
mysql> desb tabl[K[K[K[Kselelt[K[K[Kler;
ERROR 1064 (42000): You have an error in your SQL syntax; check the manual that corresponds to your MySQL server version for the right syntax to use near 'desb seller' at line 1
mysql> s[Kdesc seller;
+-------------+-------------+------+-----+---------+-------+
| Field       | Type        | Null | Key | Default | Extra |
+-------------+-------------+------+-----+---------+-------+
| seller_id   | varchar(50) | YES  |     | NULL    |       |
| seller_name | varchar(50) | YES  |     | NULL    |       |
+-------------+-------------+------+-----+---------+-------+
2 rows in set (0.05 sec)

mysql> source /home/nl[K[Kblack-knight/[K[K[K[Kght/Docu[K[K[Kevelopments/database-open-e[Kended.[K/create_table.sql
ERROR: 
Failed to open file '/home/black-knight/Developments/database-open-ended/create_table.sql', error: 2
mysql> source /home/black-knight/Developments/database-open-ended/create_table.sql[P/
Query OK, 0 rows affected (0.05 sec)

mysql> show tables;
+-----------------------+
| Tables_in_sql12283387 |
+-----------------------+
| customer              |
| product               |
| seller                |
+-----------------------+
3 rows in set (0.05 sec)

mysql> sd[K[Kd[Ke[Kdesc customer
    -> ;
+----------------+-------------+------+-----+---------+-------+
| Field          | Type        | Null | Key | Default | Extra |
+----------------+-------------+------+-----+---------+-------+
| customer_id    | int(11)     | NO   | PRI | NULL    |       |
| customer_name  | varchar(50) | NO   |     | NULL    |       |
| customer_email | varchar(50) | NO   |     | NULL    |       |
+----------------+-------------+------+-----+---------+-------+
3 rows in set (0.05 sec)

mysql> [H[2Jmysql> shot[Kw tables;
+-----------------------+
| Tables_in_sql12283387 |
+-----------------------+
| customer              |
| product               |
| seller                |
+-----------------------+
3 rows in set (0.05 sec)

mysql> alter table cusomt[K[K[Ktomer alter[K[K[K[K[Kalter [K[K[K[K[Kalter column customer_id varcahr([K[K[K[Khar(50[K0);
ERROR 1064 (42000): You have an error in your SQL syntax; check the manual that corresponds to your MySQL server version for the right syntax to use near 'varchar(50)' at line 1
mysql> [H[2Jmysql> alter table customer alter column customer_id varchar(50);[Pc[Pc[Pc[Pc[Pc[Pc[Pu
ERROR 1064 (42000): You have an error in your SQL syntax; check the manual that corresponds to your MySQL server version for the right syntax to use near 'varchar(50)' at line 1
mysql> alter table customer alter customer_id varchar(50);[36G[7@olumn cu[66G[36G[7Pu[59G[36G[7@olumn cu[66Gid varchar(50);
ERROR 1064 (42000): You have an error in your SQL syntax; check the manual that corresponds to your MySQL server version for the right syntax to use near 'varchar(50)' at line 1
mysql> alter table customer alter column customer_id varchar(50);har(50);
ERROR 1064 (42000): You have an error in your SQL syntax; check the manual that corresponds to your MySQL server version for the right syntax to use near 'varchar(50)' at line 1
mysql> alter table customer alter column customer_id varchar(50);;[K[K[K[K[K[K[K[K[K[K[K[K[K[K[K[K[K[K[K[K[K[K[K[K[K[K[K[K[Kmodify co[K[Kcustoemr_[K[K[K[Kmer_id varcahr([K[K[K[Khar(50)[Pm[Pm[Pm[Pm[Pm[Pm[59G;
Query OK, 0 rows affected (0.05 sec)
Records: 0  Duplicates: 0  Warnings: 0

mysql> desc csut[K[K[Kustomer;
+----------------+-------------+------+-----+---------+-------+
| Field          | Type        | Null | Key | Default | Extra |
+----------------+-------------+------+-----+---------+-------+
| customer_id    | varchar(50) | NO   | PRI |         |       |
| customer_name  | varchar(50) | NO   |     | NULL    |       |
| customer_email | varchar(50) | NO   |     | NULL    |       |
+----------------+-------------+------+-----+---------+-------+
3 rows in set (0.04 sec)

mysql> [H[2Jmysql> desc customer;[8Galter table customer modify customer_id varchar(50);[29G[6@alter column[66G[36G[7Pu[59G[36G[7@olumn cu[66G[8Gshow tables;[K[8G;[Kdesc customer[8Gshow tables;[K[9Gource /home/black-knight/Development/database-open-ended/create_table.sql[45G[1@s/[83G[45G[P/[82G
Query OK, 0 rows affected (0.05 sec)

ERROR 1064 (42000): You have an error in your SQL syntax; check the manual that corresponds to your MySQL server version for the right syntax to use near 'constraint fk_subscribes_for_seller foreign key(s_id) references seller(seller_i' at line 5
mysql> source /home/black-knight/Development/database-open-ended/create_table.sql[8G[Ksource /home/black-knight/Development/database-open-ended/create_table.sql
ERROR 1064 (42000): You have an error in your SQL syntax; check the manual that corresponds to your MySQL server version for the right syntax to use near 'constraint fk_subscribes_for_seller foreign key(s_id) references seller(seller_i' at line 5
mysql> s[Kdesc seller;
+-------------+-------------+------+-----+---------+-------+
| Field       | Type        | Null | Key | Default | Extra |
+-------------+-------------+------+-----+---------+-------+
| seller_id   | varchar(50) | NO   | PRI |         |       |
| seller_name | varchar(50) | YES  |     | NULL    |       |
+-------------+-------------+------+-----+---------+-------+
2 rows in set (0.05 sec)

mysql> [H[2Jmysql> desc seller;
+-------------+-------------+------+-----+---------+-------+
| Field       | Type        | Null | Key | Default | Extra |
+-------------+-------------+------+-----+---------+-------+
| seller_id   | varchar(50) | NO   | PRI |         |       |
| seller_name | varchar(50) | YES  |     | NULL    |       |
+-------------+-------------+------+-----+---------+-------+
2 rows in set (0.05 sec)

mysql> desc seller;[8Gsource /home/black-knight/Development/database-open-ended/create_table.sql
ERROR 1064 (42000): You have an error in your SQL syntax; check the manual that corresponds to your MySQL server version for the right syntax to use near 'constraint fk_subscribes_for_seller foreign key(s_id) references seller(seller_i' at line 5
mysql> source /home/black-knight/Development/database-open-ended/create_table.sql
Query OK, 0 rows affected (0.05 sec)

mysql> desc subr[Ksc[Kribes_for;
ERROR 1146 (42S02): Table 'sql12283387.subsribes_for' doesn't exist
mysql> [H[2Jmysql> desc subsribes_for;[1@cr
+-------+-------------+------+-----+---------+-------+
| Field | Type        | Null | Key | Default | Extra |
+-------+-------------+------+-----+---------+-------+
| s_id  | varchar(50) | NO   | PRI |         |       |
| w_id  | varchar(50) | NO   | PRI |         |       |
+-------+-------------+------+-----+---------+-------+
2 rows in set (0.05 sec)

mysql> show tables;
+-----------------------+
| Tables_in_sql12283387 |
+-----------------------+
| customer              |
| product               |
| seller                |
| sells                 |
| subscribes_for        |
| warehouse             |
+-----------------------+
6 rows in set (0.05 sec)

mysql> [H[2Jmysql> show tables;
+-----------------------+
| Tables_in_sql12283387 |
+-----------------------+
| customer              |
| product               |
| seller                |
| sells                 |
| subscribes_for        |
| warehouse             |
+-----------------------+
6 rows in set (0.05 sec)

mysql> [H[2Jmysql> desc
    -> ;
ERROR 1064 (42000): You have an error in your SQL syntax; check the manual that corresponds to your MySQL server version for the right syntax to use near '' at line 1
mysql> show tables;
+-----------------------+
| Tables_in_sql12283387 |
+-----------------------+
| customer              |
| orders                |
| product               |
| seller                |
| sells                 |
| subscribes_for        |
| warehouse             |
+-----------------------+
7 rows in set (0.04 sec)

mysql>  show tables;[8G;[Kdescshow tables;[8Gdesc subscribes_for;[17G[Pr[27G[8Gsource /home/black-knight/Development/database-open-ended/create_table.sql[8Gdesc seller;[K[8Gsource /home/black-knight/Development/database-open-ended/create_table.sql
Query OK, 0 rows affected (0.05 sec)

mysql> de[K[Kshow tables;
+-----------------------+
| Tables_in_sql12283387 |
+-----------------------+
| customer              |
| orders                |
| product               |
| seller                |
| seller_brands         |
| sells                 |
| subscribes_for        |
| warehouse             |
+-----------------------+
8 rows in set (0.05 sec)

mysql> desc seller_br
    -> ands
    -> ;
ERROR 1146 (42S02): Table 'sql12283387.seller_br' doesn't exist
mysql> [H[2Jmysql> desc seller_br ands;[8G;[Kandsdesc seller_brands;
+-----------+-------------+------+-----+---------+-------+
| Field     | Type        | Null | Key | Default | Extra |
+-----------+-------------+------+-----+---------+-------+
| seller_id | varchar(50) | NO   | PRI | NULL    |       |
| brand     | varchar(50) | NO   |     | NULL    |       |
+-----------+-------------+------+-----+---------+-------+
2 rows in set (0.05 sec)

mysql> show tables;
+-----------------------+
| Tables_in_sql12283387 |
+-----------------------+
| customer              |
| orders                |
| product               |
| seller              