Script started on 2019-03-15 15:00:46+0530
]0;black-knight@napoleon: ~/Development/database-open-ended[01;32mblack-knight@napoleon[00m:[01;34m~/Development/database-open-ended[00m$ [H[2J]0;black-knight@napoleon: ~/Development/database-open-ended[01;32mblack-knight@napoleon[00m:[01;34m~/Development/database-open-ended[00m$ my[K[Kmysqlconnect 
Enter password: 
ERROR 1045 (28000): Access denied for user 'sql12283387'@'49.249.251.206' (using password: YES)
]0;black-knight@napoleon: ~/Development/database-open-ended[01;32mblack-knight@napoleon[00m:[01;34m~/Development/database-open-ended[00m$ [H[2J]0;black-knight@napoleon: ~/Development/database-open-ended[01;32mblack-knight@napoleon[00m:[01;34m~/Development/database-open-ended[00m$ mysqlconnect 
Enter password: 
Welcome to the MySQL monitor.  Commands end with ; or \g.
Your MySQL connection id is 48716371
Server version: 5.5.58-0ubuntu0.14.04.1 (Ubuntu)

Copyright (c) 2000, 2019, Oracle and/or its affiliates. All rights reserved.

Oracle is a registered trademark of Oracle Corporation and/or its
affiliates. Other names may be trademarks of their respective
owners.

Type 'help;' or '\h' for help. Type '\c' to clear the current input statement.

mysql> [H[2Jmysql> se[K[Kcreate ra[K[Ktable co[Kustomer(customer_id int, customer_name varcahr([K[K[K[K[Kh[Kchar(3[K20), customer_email varcahr([K[K[K[Khar(50),[K[K[K[K[K[K[K[K[K[K[K[K[K[K[K[K[K[K[K[K[K[K[K[K[K[K[K[K[K[K[K[K[K[K[K[K[K[K[K[K[K[K[K[K[K[K[K[K[K[K[K[K[K[K[K[K[K[K[K[K[K[K[K[K[K[K[K[Kr(/
    -> cusom[Ktomer_id varcahr[K[K[K[K[K[K[Kint,/
    -> cusomter_name[K[K[K[K[K[K[K[K[K[K[K[K[K;
ERROR 1064 (42000): You have an error in your SQL syntax; check the manual that corresponds to your MySQL server version for the right syntax to use near '/
cusotomer_id int,/' at line 1
mysql> [H[2Jmysql> how
mysql> ho[K[Kshowt tab[K[K[K[K tables;
+-----------------------+
| Tables_in_sql12283387 |
+-----------------------+
| seller                |
+-----------------------+
1 row in set (0.04 sec)

mysql> desc tables;
ERROR 1146 (42S02): Table 'sql12283387.tables' doesn't exist
mysql> desb tabl[K[K[K[Kselelt[K[K[Kler;
ERROR 1064 (42000): You have an error in your SQL syntax; check the manual that corresponds to your MySQL server version for the right syntax to use near 'desb seller' at line 1
mysql> s[Kdesc seller;
+-------------+-------------+------+-----+---------+-------+
| Field       | Type        | Null | Key | Default | Extra |
+-------------+-------------+------+-----+---------+-------+
| seller_id   | varchar(50) | YES  |     | NULL    |       |
| seller_name | varchar(50) | YES  |     | NULL    |       |
+-------------+-------------+------+-----+---------+-------+
2 rows in set (0.05 sec)

mysql> source /home/nl[K[Kblack-knight/[K[K[K[Kght/Docu[K[K[Kevelopments/database-open-e[Kended.[K/create_table.sql
ERROR: 
Failed to open file '/home/black-knight/Developments/database-open-ended/create_table.sql', error: 2
mysql> source /home/black-knight/Developments/database-open-ended/create_table.sql[P/
Query OK, 0 rows affected (0.05 sec)

mysql> show tables;
+-----------------------+
| Tables_in_sql12283387 |
+-----------------------+
| customer              |
| product               |
| seller                |
+-----------------------+
3 rows in set (0.05 sec)

mysql> sd[K[Kd[Ke[Kdesc customer
    -> ;
+----------------+-------------+------+-----+---------+-------+
| Field          | Type        | Null | Key | Default | Extra |
+----------------+-------------+------+-----+---------+-------+
| customer_id    | int(11)     | NO   | PRI | NULL    |       |
| customer_name  | varchar(50) | NO   |     | NULL    |       |
| customer_email | varchar(50) | NO   |     | NULL    |       |
+----------------+-------------+------+-----+---------+-------+
3 rows in set (0.05 sec)

mysql> [H[2Jmysql> shot[Kw tables;
+-----------------------+
| Tables_in_sql12283387 |
+-----------------------+
| customer              |
| product               |
| seller                |
+-----------------------+
3 rows in set (0.05 sec)

mysql> alter table cusomt[K[K[Ktomer alter[K[K[K[K[Kalter [K[K[K[K[Kalter column customer_id varcahr([K[K[K[Khar(50[K0);
ERROR 1064 (42000): You have an error in your SQL syntax; check the manual that corresponds to your MySQL server version for the right syntax to use near 'varchar(50)' at line 1
mysql> [H[2Jmysql> alter table customer alter column customer_id varchar(50);[Pc[Pc[Pc[Pc[Pc[Pc[Pu
ERROR 1064 (42000): You have an error in your SQL syntax; check the manual that corresponds to your MySQL server version for the right syntax to use near 'varchar(50)' at line 1
mysql> alter table customer alter customer_id varchar(50);[36G[7@olumn cu[66G[36G[7Pu[59G[36G[7@olumn cu[66Gid varchar(50);
ERROR 1064 (42000): You have an error in your SQL syntax; check the manual that corresponds to your MySQL server version for the right syntax to use near 'varchar(50)' at line 1
mysql> alter table customer alter column customer_id varchar(50);har(50);
ERROR 1064 (42000): You have an error in your SQL syntax; check the manual that corresponds to your MySQL server version for the right syntax to use near 'varchar(50)' at line 1
mysql> alter table customer alter column customer_id varchar(50);;[K[K[K[K[K[K[K[K[K[K[K[K[K[K[K[K[K[K[K[K[K[K[K[K[K[K[K[K[Kmodify co[K[Kcustoemr_[K[K[K[Kmer_id varcahr([K[K[K[Khar(50)[Pm[Pm[Pm[Pm[Pm[Pm[59G;
Query OK, 0 rows affected (0.05 sec)
Records: 0  Duplicates: 0  Warnings: 0

mysql> desc csut[K[K[Kustomer;
+----------------+-------------+------+-----+---------+-------+
| Field          | Type        | Null | Key | Default | Extra |
+----------------+-------------+------+-----+---------+-------+
| customer_id    | varchar(50) | NO   | PRI |         |       |
| customer_name  | varchar(50) | NO   |     | NULL    |       |
| customer_email | varchar(50) | NO   |     | NULL    |       |
+----------------+-------------+------+-----+---------+-------+
3 rows in set (0.04 sec)

mysql> [H[2Jmysql> desc customer;[8Galter table customer modify customer_id varchar(50);[29G[6@alter column[66G[36G[7Pu[59G[36G[7@olumn cu[66G[8Gshow tables;[K[8G;[Kdesc customer[8Gshow tables;[K[9Gource /home/black-knight/Development/database-open-ended/create_table.sql[45G[1@s/[83G[45G[P/[82G
Query OK, 0 rows affected (0.05 sec)

ERROR 1064 (42000): You have an error in your SQL syntax; check the manual that corresponds to your MySQL server version for the right syntax to use near 'constraint fk_subscribes_for_seller foreign key(s_id) references seller(seller_i' at line 5
mysql> source /home/black-knight/Development/database-open-ended/create_table.sql[8G[Ksource /home/black-knight/Development/database-open-ended/create_table.sql
ERROR 1064 (42000): You have an error in your SQL syntax; check the manual that corresponds to your MySQL server version for the right syntax to use near 'constraint fk_subscribes_for_seller foreign key(s_id) references seller(seller_i' at line 5
mysql> s[Kdesc seller;
+-------------+-------------+------+-----+---------+-------+
| Field       | Type        | Null | Key | Default | Extra |
+-------------+-------------+------+-----+---------+-------+
| seller_id   | varchar(50) | NO   | PRI |         |       |
| seller_name | varchar(50) | YES  |     | NULL    |       |
+-------------+-------------+------+-----+---------+-------+
2 rows in set (0.05 sec)

mysql> [H[2Jmysql> desc seller;
+-------------+-------------+------+-----+---------+-------+
| Field       | Type        | Null | Key | Default | Extra |
+-------------+-------------+------+-----+---------+-------+
| seller_id   | varchar(50) | NO   | PRI |         |       |
| seller_name | varchar(50) | YES  |     | NULL    |       |
+-------------+-------------+------+-----+---------+-------+
2 rows in set (0.05 sec)

mysql> desc seller;[8Gsource /home/black-knight/Development/database-open-ended/create_table.sql
ERROR 1064 (42000): You have an error in your SQL syntax; check the manual that corresponds to your MySQL server version for the right syntax to use near 'constraint fk_subscribes_for_seller foreign key(s_id) references seller(seller_i' at line 5
mysql> source /home/black-knight/Development/database-open-ended/create_table.sql
Query OK, 0 rows affected (0.05 sec)

mysql> desc subr[Ksc[Kribes_for;
ERROR 1146 (42S02): Table 'sql12283387.subsribes_for' doesn't exist
mysql> [H[2Jmysql> desc subsribes_for;[1@cr
+-------+-------------+------+-----+---------+-------+
| Field | Type        | Null | Key | Default | Extra |
+-------+-------------+------+-----+---------+-------+
| s_id  | varchar(50) | NO   | PRI |         |       |
| w_id  | varchar(50) | NO   | PRI |         |       |
+-------+-------------+------+-----+---------+-------+
2 rows in set (0.05 sec)

mysql> show tables;
+-----------------------+
| Tables_in_sql12283387 |
+-----------------------+
| customer              |
| product               |
| seller                |
| sells                 |
| subscribes_for        |
| warehouse             |
+-----------------------+
6 rows in set (0.05 sec)

mysql> [H[2Jmysql> show tables;
+-----------------------+
| Tables_in_sql12283387 |
+-----------------------+
| customer              |
| product               |
| seller                |
| sells                 |
| subscribes_for        |
| warehouse             |
+-----------------------+
6 rows in set (0.05 sec)

mysql> [H[2Jmysql> desc
    -> ;
ERROR 1064 (42000): You have an error in your SQL syntax; check the manual that corresponds to your MySQL server version for the right syntax to use near '' at line 1
mysql> show tables;
+-----------------------+
| Tables_in_sql12283387 |
+-----------------------+
| customer              |
| orders                |
| product               |
| seller                |
| sells                 |
| subscribes_for        |
| warehouse             |
+-----------------------+
7 rows in set (0.04 sec)

mysql>  show tables;[8G;[Kdescshow tables;[8Gdesc subscribes_for;[17G[Pr[27G[8Gsource /home/black-knight/Development/database-open-ended/create_table.sql[8Gdesc seller;[K[8Gsource /home/black-knight/Development/database-open-ended/create_table.sql
Query OK, 0 rows affected (0.05 sec)

mysql> de[K[Kshow tables;
+-----------------------+
| Tables_in_sql12283387 |
+-----------------------+
| customer              |
| orders                |
| product               |
| seller                |
| seller_brands         |
| sells                 |
| subscribes_for        |
| warehouse             |
+-----------------------+
8 rows in set (0.05 sec)

mysql> desc seller_br
    -> ands
    -> ;
ERROR 1146 (42S02): Table 'sql12283387.seller_br' doesn't exist
mysql> [H[2Jmysql> desc seller_br ands;[8G;[Kandsdesc seller_brands;
+-----------+-------------+------+-----+---------+-------+
| Field     | Type        | Null | Key | Default | Extra |
+-----------+-------------+------+-----+---------+-------+
| seller_id | varchar(50) | NO   | PRI | NULL    |       |
| brand     | varchar(50) | NO   |     | NULL    |       |
+-----------+-------------+------+-----+---------+-------+
2 rows in set (0.05 sec)

mysql> show tables;
+-----------------------+
| Tables_in_sql12283387 |
+-----------------------+
| customer              |
| orders                |
| product               |
| seller                |
| seller_brands         |
| sells                 |
| subscribes_for        |
| warehouse             |
+-----------------------+
8 rows in set (0.05 sec)

mysql> shot [Kw dta[K[Kt[K[Ktables;
+-----------------------+
| Tables_in_sql12283387 |
+-----------------------+
| customer              |
| orders                |
| product               |
| seller                |
| seller_brands         |
| sells                 |
| stored_in             |
| subscribes_for        |
| warehouse             |
+-----------------------+
9 rows in set (0.04 sec)

mysql> exi[K[K[Kquit
Bye
]0;black-knight@napoleon: ~/Development/database-open-ended[01;32mblack-knight@napoleon[00m:[01;34m~/Development/database-open-ended[00m$ [H[2J]0;black-knight@napoleon: ~/Development/database-open-ended[01;32mblack-knight@napoleon[00m:[01;34m~/Development/database-open-ended[00m$ ls
create_table.sql  [0m[01;34mlogs[0m  README.md  session_15_3
]0;black-knight@napoleon: ~/Development/database-open-ended[01;32mblack-knight@napoleon[00m:[01;34m~/Development/database-open-ended[00m$ git init
Initialized empty Git repository in /home/black-knight/Development/database-open-ended/.git/
]0;black-knight@napoleon: ~/Development/database-open-ended[01;32mblack-knight@napoleon[00m:[01;34m~/Development/database-open-ended[00m$ git add .
]0;black-knight@napoleon: ~/Development/database-open-ended[01;32mblack-knight@napoleon[00m:[01;34m~/Development/database-open-ended[00m$ git commit 0[K-m [K[K[K[K[K[K[K[K[K[K[K[K[K[Kgit remote [K[K[K[K[K[K[Kcommit -m "Aco[K[KC[K[Kcompel[K[K[K[K[K[KComplete[K[K[K[K[K[K[K[KFirst commit | Added create_table[K[K[K[K[K[K[K[K[K[K[K[Ktabel-c[K[K[K[K[K[K[K[Kc[K[K create_table.sql"
[master (root-commit) 93a11f3] First commit | Adde create_table.sql
 3 files changed, 264 insertions(+)
 create mode 100644 README.md
 create mode 100644 create_table.sql
 create mode 100644 session_15_3
]0;black-knight@napoleon: ~/Development/database-open-ended[01;32mblack-knight@napoleon[00m:[01;34m~/Development/database-open-ended[00m$ [H[2J]0;black-knight@napoleon: ~/Development/database-open-ended[01;32mblack-knight@napoleon[00m:[01;34m~/Development/database-open-ended[00m$ git remote add origin git@github.com:m-zaink/dbms-ecommerce.git
]0;black-knight@napoleon: ~/Development/database-open-ended[01;32mblack-knight@napoleon[00m:[01;34m~/Development/database-open-ended[00m$ git push 0[K-u origin master
Counting objects: 5, done.
Delta compression using up to 4 threads.
Compressing objects:  20% (1/5)   
Compressing objects:  40% (2/5)   
Compressing objects:  60% (3/5)   
Compressing objects:  80% (4/5)   
Compressing objects: 100% (5/5)   
Compressing objects: 100% (5/5), done.
Writing objects:  20% (1/5)   
Writing objects:  40% (2/5)   
Writing objects:  60% (3/5)   
Writing objects:  80% (4/5)   
Writing objects: 100% (5/5)   
Writing objects: 100% (5/5), 2.64 KiB | 1.32 MiB/s, done.
Total 5 (delta 0), reused 0 (delta 0)
To github.com:m-zaink/dbms-ecommerce.git
 * [new branch]      master -> master
Branch 'master' set up to track remote branch 'master' from 'origin'.
]0;black-knight@napoleon: ~/Development/database-open-ended[01;32mblack-knight@napoleon[00m:[01;34m~/Development/database-open-ended[00m$ exit[K[K[K[Kls
create_table.sql  [0m[01;34mlogs[0m  README.md  session_15_3
]0;black-knight@napoleon: ~/Development/database-open-ended[01;32mblack-knight@napoleon[00m:[01;34m~/Development/database-open-ended[00m$ cat session_15_3 
Script started on 2019-03-15 15:00:46+0530
]0;black-knight@napoleon: ~/Development/database-open-ended[01;32mblack-knight@napoleon[00m:[01;34m~/Development/database-open-ended[00m$ [H[2J]0;black-knight@napoleon: ~/Development/database-open-ended[01;32mblack-knight@napoleon[00m:[01;34m~/Development/database-open-ended[00m$ my[K[Kmysqlconnect 

Enter password: 

ERROR 1045 (28000): Access denied for user 'sql12283387'@'49.249.251.206' (using password: YES)

]0;black-knight@napoleon: ~/Development/database-open-ended[01;32mblack-knight@napoleon[00m:[01;34m~/Development/database-open-ended[00m$ [H[2J]0;black-knight@napoleon: ~/Development/database-open-ended[01;32mblack-knight@napoleon[00m:[01;34m~/Development/database-open-ended[00m$ mysqlconnect 

Enter password: 

Welcome to the MySQL monitor.  Commands end with ; or \g.

Your MySQL connection id is 48716371

Server version: 5.5.58-0ubuntu0.14.04.1 (Ubuntu)



Copyright (c) 2000, 2019, Oracle and/or its affiliates. All rights reserved.



Oracle is a registered trademark of Oracle Corporation and/or its

affiliates. Other names may be trademarks of their respective

owners.



Type 'help;' or '\h' for help. Type '\c' to clear the current input statement.



mysql> [H[2Jmysql> se[K[Kcreate ra[K[Ktable co[Kustomer(customer_id int, customer_name varcahr([K[K[K[K[Kh[Kchar(3[K20), customer_email varcahr([K[K[K[Khar(50),[K[K[K[K[K[K[K[K[K[K[K[K[K[K[K[K[K[K[K[K[K[K[K[K[K[K[K[K[K[K[K[K[K[K[K[K[K[K[K[K[K[K[K[K[K[K[K[K[K[K[K[K[K[K[K[K[K[K[K[K[K[K[K[K[K[K[K[Kr(/

    -> cusom[Ktomer_id varcahr[K[K[K[K[K[K[Kint,/

    -> cusomter_name[K[K[K[K[K[K[K[K[K[K[K[K[K;

ERROR 1064 (42000): You have an error in your SQL syntax; check the manual that corresponds to your MySQL server version for the right syntax to use near '/

cusotomer_id int,/' at line 1

mysql> [H[2Jmysql> how
mysql> ho[K[Kshowt tab[K[K[K[K tables;

+-----------------------+

| Tables_in_sql12283387 |

+-----------------------+

| seller                |

+-----------------------+

1 row in set (0.04 sec)



mysql> desc tables;

ERROR 1146 (42S02): Table 'sql12283387.tables' doesn't exist

mysql> desb tabl[K[K[K[Kselelt[K[K[Kler;

ERROR 1064 (42000): You have an error in your SQL syntax; check the manual that corresponds to your MySQL server version for the right syntax to use near 'desb seller' at line 1

mysql> s[Kdesc seller;

+-------------+-------------+------+-----+---------+-------+

| Field       | Type        | Null | Key | Default | Extra |

+-------------+-------------+------+-----+---------+-------+

| seller_id   | varchar(50) | YES  |     | NULL    |       |

| seller_name | varchar(50) | YES  |     | NULL    |       |

+-------------+-------------+------+-----+---------+-------+

2 rows in set (0.05 sec)



mysql> source /home/nl[K[Kblack-knight/[K[K[K[Kght/Docu[K[K[Kevelopments/database-open-e[Kended.[K/create_table.sql

ERROR: 

Failed to open file '/home/black-knight/Developments/database-open-ended/create_table.sql', error: 2

mysql> source /home/black-knight/Developments/database-open-ended/create_table.sql[P/

Query OK, 0 rows affected (0.05 sec)



mysql> show tables;

+-----------------------+

| Tables_in_sql12283387 |

+-----------------------+

| customer              |

| product               |

| seller                |

+-----------------------+

3 rows in set (0.05 sec)



mysql> sd[K[Kd[Ke[Kdesc customer

    -> ;

+----------------+-------------+------+-----+---------+-------+

| Field          | Type        | Null | Key | Default | Extra |

+----------------+-------------+------+-----+---------+-------+

| customer_id    | int(11)     | NO   | PRI | NULL    |       |

| customer_name  | varchar(50) | NO   |     | NULL    |       |

| customer_email | varchar(50) | NO   |     | NULL    |       |

+----------------+-------------+------+-----+---------+-------+

3 rows in set (0.05 sec)



mysql> [H[2Jmysql> shot[Kw tables;

+-----------------------+

| Tables_in_sql12283387 |

+-----------------------+

| customer              |

| product               |

| seller                |

+-----------------------+

3 rows in set (0.05 sec)



mysql> alter table cusomt[K[K[Ktomer alter[K[K[K[K[Kalter [K[K[K[K[Kalter column customer_id varcahr([K[K[K[Khar(50[K0);

ERROR 1064 (42000): You have an error in your SQL syntax; check the manual that corresponds to your MySQL server version for the right syntax to use near 'varchar(50)' at line 1

mysql> [H[2Jmysql> alter table customer alter column customer_id varchar(50);[Pc[Pc[Pc[Pc[Pc[Pc[Pu

ERROR 1064 (42000): You have an error in your SQL syntax; check the manual that corresponds to your MySQL server version for the right syntax to use near 'varchar(50)' at line 1

mysql> alter table customer alter customer_id varchar(50);[36G[7@olumn cu[66G[36G[7Pu[59G[36G[7@olumn cu[66Gid varchar(50);

ERROR 1064 (42000): You have an error in your SQL syntax; check the manual that corresponds to your MySQL server version for the right syntax to use near 'varchar(50)' at line 1

mysql> alter table customer alter column customer_id varchar(50);har(50);

ERROR 1064 (42000): You have an error in your SQL syntax; check the manual that corresponds to your MySQL server version for the right syntax to use near 'varchar(50)' at line 1

mysql> alter table customer alter column customer_id varchar(50);;[K[K[K[K[K[K[K[K[K[K[K[K[K[K[K[K[K[K[K[K[K[K[K[K[K[K[K[K[Kmodify co[K[Kcustoemr_[K[K[K[Kmer_id varcahr([K[K[K[Khar(50)[Pm[Pm[Pm[Pm[Pm[Pm[59G;

Query OK, 0 rows affected (0.05 sec)

Records: 0  Duplicates: 0  Warnings: 0



mysql> desc csut[K[K[Kustomer;

+----------------+-------------+------+-----+---------+-------+

| Field          | Type        | Null | Key | Default | Extra |

+----------------+-------------+------+-----+---------+-------+

| customer_id    | varchar(50) | NO   | PRI |         |       |

| customer_name  | varchar(50) | NO   |     | NULL    |       |

| customer_email | varchar(50) | NO   |     | NULL    |       |

+----------------+-------------+------+-----+---------+-------+

3 rows in set (0.04 sec)



mysql> [H[2Jmysql> desc customer;[8Galter table customer modify customer_id varchar(50);[29G[6@alter column[66G[36G[7Pu[59G[36G[7@olumn cu[66G[8Gshow tables;[K[8G;[Kdesc customer[8Gshow tables;[K[9Gource /home/black-knight/Development/database-open-ended/create_table.sql[45G[1@s/[83G[45G[P/[82G

Query OK, 0 rows affected (0.05 sec)



ERROR 1064 (42000): You have an error in your SQL syntax; check the manual that corresponds to your MySQL server version for the right syntax to use near 'constraint fk_subscribes_for_seller foreign key(s_id) references seller(seller_i' at line 5

mysql> source /home/black-knight/Development/database-open-ended/create_table.sql[8G[Ksource /home/black-knight/Development/database-open-ended/create_table.sql

ERROR 1064 (42000): You have an error in your SQL syntax; check the manual that corresponds to your MySQL server version for the right syntax to use near 'constraint fk_subscribes_for_seller foreign key(s_id) references seller(seller_i' at line 5

mysql> s[Kdesc seller;

+-------------+-------------+------+-----+---------+-------+

| Field       | Type        | Null | Key | Default | Extra |

+-------------+-------------+------+-----+---------+-------+

| seller_id   | varchar(50) | NO   | PRI |         |       |

| seller_name | varchar(50) | YES  |     | NULL    |       |

+-------------+-------------+------+-----+---------+-------+

2 rows in set (0.05 sec)



mysql> [H[2Jmysql> desc seller;

+-------------+-------------+------+-----+---------+-------+

| Field       | Type        | Null | Key | Default | Extra |

+-------------+-------------+------+-----+---------+-------+

| seller_id   | varchar(50) | NO   | PRI |         |       |

| seller_name | varchar(50) | YES  |     | NULL    |       |

+-------------+-------------+------+-----+---------+-------+

2 rows in set (0.05 sec)



mysql> desc seller;[8Gsource /home/black-knight/Development/database-open-ended/create_table.sql

ERROR 1064 (42000): You have an error in your SQL syntax; check the manual that corresponds to your MySQL server version for the right syntax to use near 'constraint fk_subscribes_for_seller foreign key(s_id) references seller(seller_i' at line 5

mysql> source /home/black-knight/Development/database-open-ended/create_table.sql

Query OK, 0 rows affected (0.05 sec)



mysql> desc subr[Ksc[Kribes_for;

ERROR 1146 (42S02): Table 'sql12283387.subsribes_for' doesn't exist

mysql> [H[2Jmysql> desc subsribes_for;[1@cr

+-------+-------------+------+-----+---------+-------+

| Field | Type        | Null | Key | Default | Extra |

+-------+-------------+------+-----+---------+-------+

| s_id  | varchar(50) | NO   | PRI |         |       |

| w_id  | varchar(50) | NO   | PRI |         |       |

+-------+-------------+------+-----+---------+-------+

2 rows in set (0.05 sec)



mysql> show tables;

+-----------------------+

| Tables_in_sql12283387 |

+-----------------------+

| customer              |

| product               |

| seller                |

| sells                 |

| subscribes_for        |

| warehouse             |

+-----------------------+

6 rows in set (0.05 sec)



mysql> [H[2Jmysql> show tables;

+-----------------------+

| Tables_in_sql12283387 |

+-----------------------+

| customer              |

| product               |

| seller                |

| sells                 |

| subscribes_for        |

| warehouse             |

+-----------------------+

6 rows in set (0.05 sec)



mysql> [H[2Jmysql> desc

    -> ;

ERROR 1064 (42000): You have an error in your SQL syntax; check the manual that corresponds to your MySQL server version for the right syntax to use near '' at line 1

mysql> show tables;

+-----------------------+

| Tables_in_sql12283387 |

+-----------------------+

| customer              |

| orders                |

| product               |

| seller                |

| sells                 |

| subscribes_for        |

| warehouse             |

+-----------------------+

7 rows in set (0.04 sec)



mysql>  show tables;[8G;[Kdescshow tables;[8Gdesc subscribes_for;[17G[Pr[27G[8Gsource /home/black-knight/Development/database-open-ended/create_table.sql[8Gdesc seller;[K[8Gsource /home/black-knight/Development/database-open-ended/create_table.sql

Query OK, 0 rows affected (0.05 sec)



mysql> de[K[Kshow tables;

+-----------------------+

| Tables_in_sql12283387 |

+-----------------------+

| customer              |

| orders                |

| product               |

| seller                |

| seller_brands         |

| sells                 |

| subscribes_for        |

| warehouse             |

+-----------------------+

8 rows in set (0.05 sec)



mysql> desc seller_br

    -> ands

    -> ;

ERROR 1146 (42S02): Table 'sql12283387.seller_br' doesn't exist

mysql> [H[2Jmysql> desc seller_br ands;[8G;[Kandsdesc seller_brands;

+-----------+-------------+------+-----+---------+-------+

| Field     | Type        | Null | Key | Default | Extra |

+-----------+-------------+------+-----+---------+-------+

| seller_id | varchar(50) | NO   | PRI | NULL    |       |

| brand     | varchar(50) | NO   |     | NULL    |       |

+-----------+-------------+------+-----+---------+-------+

2 rows in set (0.05 sec)



mysql> show tables;

+-----------------------+

| Tables_in_sql12283387 |

+-----------------------+

| customer              |

| orders                |

| product               |

| seller                |

| seller_brands         |

| sells                 |

| subscribes_for        |

| warehouse             |

+-----------------------+

8 rows in set (0.05 sec)



mysql> shot [Kw dta[K[Kt[K[Ktables;

+-----------------------+

| Tables_in_sql12283387 |

+-----------------------+

| customer              |

| orders                |

| product               |

| seller                |

| seller_brands         |

| sells                 |

| stored_in             |

| subscribes_for        |

| warehouse             |

+-----------------------+

9 rows in set (0.04 sec)



mysql> exi[K[K[Kquit

Bye

]0;black-knight@napoleon: ~/Development/database-open-ended[01;32mblack-knight@napoleon[00m:[01;34m~/Development/database-open-ended[00m$ [H[2J]0;black-knight@napoleon: ~/Development/database-open-ended[01;32mblack-knight@napoleon[00m:[01;34m~/Development/database-open-ended[00m$ ls

create_table.sql  [0m[01;34mlogs[0m  README.md  session_15_3

]0;black-knight@napoleon: ~/Development/database-open-ended[01;32mblack-knight@napoleon[00m:[01;34m~/Development/database-open-ended[00m$ git init

Initialized empty Git repository in /home/black-knight/Development/database-open-ended/.git/

]0;black-knight@napoleon: ~/Development/database-open-ended[01;32mblack-knight@napoleon[00m:[01;34m~/Development/database-open-ended[00m$ git add .

]0;black-knight@napoleon: ~/Development/database-open-ended[01;32mblack-knight@napoleon[00m:[01;34m~/Development/database-open-ended[00m$ git commit 0[K-m [K[K[K[K[K[K[K[K[K[K[K[K[K[Kgit remote [K[K[K[K[K[K[Kcommit -m "Aco[K[KC[K[Kcompel[K[K[K[K[K[KComplete[K[K[K[K[K[K[K[KFirst commit | Added create_table[K[K[K[K[K[K[K[K[K[K[K[Ktabel-c[K[K[K[K[K[K[K[Kc[K[K create_table.sql"

[master (root-commit) 93a11f3] First commit | Adde create_table.sql

 3 files changed, 264 insertions(+)

 create mode 100644 README.md

 create mode 100644 create_table.sql

 create mode 100644 session_15_3

]0;black-knight@napoleon: ~/Development/database-open-ended[01;32mblack-knight@napoleon[00m:[01;34m~/Development/database-open-ended[00m$ [H[2J]0;black-knight@napoleon: ~/Development/database-open-ended[01;32mblack-knight@napoleon[00m:[01;34m~/Development/database-open-ended[00m$ git remote add origin git@github.com:m-zaink/dbms-ecommerce.git

]0;black-knight@napoleon: ~/Development/database-open-ended[01;32mblack-knight@napoleon[00m:[01;34m~/Development/database-open-ended[00m$ git push 0[K-u origin master

Counting objects: 5, done.

Delta compression using up to 4 threads.

Compressing objects:  20% (1/5)   
Compressing objects:  40% (2/5)   
Compressing objects:  60% (3/5)   
Compressing objects:  80% (4/5)   
Compressing objects: 100% (5/5)   
Compressing objects: 100% (5/5), done.

Writing objects:  20% (1/5)   
Writing objects:  40% (2/5)   
Writing objects:  60% (3/5)   
Writing objects:  80% (4/5)   
Writing objects: 100% (5/5)   
Writing objects: 100% (5/5), 2.64 KiB | 1.32 MiB/s, done.

Total 5 (delta 0), reused 0 (delta 0)

To github.com:m-zaink/dbms-ecommerce.git

 * [new branch]      master -> master

Branch 'master' set up to track remote branch 'master' from 'origin'.

]0;black-knight@napoleon: ~/Development/database-open-ended[01;32mblack-knight@napoleon[00m:[01;34m~/Development/database-open-ended[00m$ exit[K[K[K[Kls

create_table.sql  [0m[01;34mlogs[0m  README.md  session_15_3

]0;black-knight@napoleon: ~/Development/database-open-ended[01;32mblack-knight@napoleon[00m:[01;34m~/Development/database-open-ended[00m$ cat session_15_3 

Script started on 2019-03-15 15:00:46+0530

]0;black-knight@napoleon: ~/Development/database-open-ended[01;32mblack-knight@napoleon[00m:[01;34m~/Development/database-open-ended[00m$ [H[2J]0;black-knight@napoleon: ~/Development/database-open-ended[01;32mblack-knight@napoleon[00m:[01;34m~/Development/database-open-ended[00m$ my[K[Kmysqlconnect 


Enter password: 


ERROR 1045 (28000): Access denied for user 'sql12283387'@'49.249.251.206' (using password: YES)


]0;black-knight@napoleon: ~/Development/database-open-ended[01;32mblack-knight@napoleon[00m:[01;34m~/Development/database-open-ended[00m$ [H[2J]0;black-knight@napoleon: ~/Development/database-open-ended[01;32mblack-knight@napoleon[00m:[01;34m~/Development/database-open-ended[00m$ mysqlconnect 


Enter password: 


Welcome to the MySQL monitor.  Commands end with ; or \g.


Your MySQL connection id is 48716371


Server version: 5.5.58-0ubuntu0.14.04.1 (Ubuntu)





Copyright (c) 2000, 2019, Oracle and/or its affiliates. All rights reserved.





Oracle is a registered trademark of Oracle Corporation and/or its


affiliates. Other names may be trademarks of their respective


owners.





Type 'help;' or '\h' for help. Type '\c' to clear the current input statement.





mysql> [H[2Jmysql> se[K[Kcreate ra[K[Ktable co[Kustomer(customer_id int, customer_name varcahr([K[K[K[K[Kh[Kchar(3[K20), customer_email varcahr([K[K[K[Khar(50),[K[K[K[K[K[K[K[K[K[K[K[K[K[K[K[K[K[K[K[K[K[K[K[K[K[K[K[K[K[K[K[K[K[K[K[K[K[K[K[K[K[K[K[K[K[K[K[K[K[K[K[K[K[K[K[K[K[K[K[K[K[K[K[K[K[K[K[Kr(/


    -> cusom[Ktomer_id varcahr[K[K[K[K[K[K[Kint,/


    -> cusomter_name[K[K[K[K[K[K[K[K[K[K[K[K[K;


ERROR 1064 (42000): You have an error in your SQL syntax; check the manual that corresponds to your MySQL server version for the right syntax to use near '/


cusotomer_id int,/' at line 1


mysql> [H[2Jmysql> how
mysql> ho[K[Kshowt tab[K[K[K[K tables;


+-----------------------+


| Tables_in_sql12283387 |


+-----------------------+


| seller                |


+-----------------------+


1 row in set (0.04 sec)





mysql> desc tables;


ERROR 1146 (42S02): Table 'sql12283387.tables' doesn't exist


mysql> desb tabl[K[K[K[Kselelt[K[K[Kler;


ERROR 1064 (42000): You have an error in your SQL syntax; check the manual that corresponds to your MySQL server version for the right syntax to use near 'desb seller' at line 1


mysql> s[Kdesc seller;


+-------------+-------------+------+-----+---------+-------+


| Field       | Type        | Null | Key | Default | Extra |


+-------------+-------------+------+-----+---------+-------+


| seller_id   | varchar(50) | YES  |     | NULL    |       |


| seller_name | varchar(50) | YES  |     | NULL    |       |


+-------------+-------------+------+-----+---------+-------+


2 rows in set (0.05 sec)





mysql> source /home/nl[K[Kblack-knight/[K[K[K[Kght/Docu[K[K[Kevelopments/database-open-e[Kended.[K/create_table.sql


ERROR: 


Failed to open file '/home/black-knight/Developments/database-open-ended/create_table.sql', error: 2


mysql> source /home/black-knight/Developments/database-open-ended/create_table.sql[P/


Query OK, 0 rows affected (0.05 sec)





mysql> show tables;


+-----------------------+


| Tables_in_sql12283387 |


+-----------------------+


| customer              |


| product               |


| seller                |


+-----------------------+


3 rows in set (0.05 sec)





mysql> sd[K[Kd[Ke[Kdesc customer


    -> ;


+----------------+-------------+------+-----+---------+-------+


| Field          | Type        | Null | Key | Default | Extra |


+----------------+-------------+------+-----+---------+-------+


| customer_id    | int(11)     | NO   | PRI | NULL    |       |


| customer_name  | varchar(50) | NO   |     | NULL    |       |


| customer_email | varchar(50) | NO   |     | NULL    |       |


+----------------+-------------+------+-----+---------+-------+


3 rows in set (0.05 sec)





mysql> [H[2Jmysql> shot[Kw tables;


+-----------------------+


| Tables_in_sql12283387 |


+-----------------------+


| customer              |


| product               |


| seller                |


+-----------------------+


3 rows in set (0.05 sec)





mysql> alter table cusomt[K[K[Ktomer alter[K[K[K[K[Kalter [K[K[K[K[Kalter column customer_id varcahr([K[K[K[Khar(50[K0);


ERROR 1064 (42000): You have an error in your SQL syntax; check the manual that corresponds to your MySQL server version for the right syntax to use near 'varchar(50)' at line 1


mysql> [H[2Jmysql> alter table customer alter column customer_id varchar(50);[Pc[Pc[Pc[Pc[Pc[Pc[Pu


ERROR 1064 (42000): You have an error in your SQL syntax; check the manual that corresponds to your MySQL server version for the right syntax to use near 'varchar(50)' at line 1


mysql> alter table customer alter customer_id varchar(50);[36G[7@olumn cu[66G[36G[7Pu[59G[36G[7@olumn cu[66Gid varchar(50);


ERROR 1064 (42000): You have an error in your SQL syntax; check the manual that corresponds to your MySQL server version for the right syntax to use near 'varchar(50)' at line 1


mysql> alter table customer alter column customer_id varchar(50);har(50);


ERROR 1064 (42000): You have an error in your SQL syntax; check the manual that corresponds to your MySQL server version for the right syntax to use near 'varchar(50)' at line 1


mysql> alter table customer alter column customer_id varchar(50);;[K[K[K[K[K[K[K[K[K[K[K[K[K[K[K[K[K[K[K[K[K[K[K[K[K[K[K[K[Kmodify co[K[Kcustoemr_[K[K[K[Kmer_id varcahr([K[K[K[Khar(50)[Pm[Pm[Pm[Pm[Pm[Pm[59G;


Query OK, 0 rows affected (0.05 sec)


Records: 0  Duplicates: 0  Warnings: 0





mysql> desc csut[K[K[Kustomer;


+----------------+-------------+------+-----+---------+-------+


| Field          | Type        | Null | Key | Default | Extra |


+----------------+-------------+------+-----+---------+-------+


| customer_id    | varchar(50) | NO   | PRI |         |       |


| customer_name  | varchar(50) | NO   |     | NULL    |       |


| customer_email | varchar(50) | NO   |     | NULL    |       |


+----------------+-------------+------+-----+---------+-------+


3 rows in set (0.04 sec)





mysql> [H[2Jmysql> desc customer;[8Galter table customer modify customer_id varchar(50);[29G[6@alter column[66G[36G[7Pu[59G[36G[7@olumn cu[66G[8Gshow tables;[K[8G;[Kdesc customer[8Gshow tables;[K[9Gource /home/black-knight/Development/database-open-ended/create_table.sql[45G[1@s/[83G[45G[P/[82G


Query OK, 0 rows affected (0.05 sec)





ERROR 1064 (42000): You have an error in your SQL syntax; check the manual that corresponds to your MySQL server version for the right syntax to use near 'constraint fk_subscribes_for_seller foreign key(s_id) references seller(seller_i' at line 5


mysql> source /home/black-knight/Development/database-open-ended/create_table.sql[8G[Ksource /home/black-knight/Development/database-open-ended/create_table.sql


ERROR 1064 (42000): You have an error in your SQL syntax; check the manual that corresponds to your MySQL server version for the right syntax to use near 'constraint fk_subscribes_for_seller foreign key(s_id) references seller(seller_i' at line 5


mysql> s[Kdesc seller;


+-------------+-------------+------+-----+---------+-------+


| Field       | Type        | Null | Key | Default | Extra |


+-------------+-------------+------+-----+---------+-------+


| seller_id   | varchar(50) | NO   | PRI |         |       |


| seller_name | varchar(50) | YES  |     | NULL    |       |


+-------------+-------------+------+-----+---------+-------+


2 rows in set (0.05 sec)





mysql> [H[2Jmysql> desc seller;


+-------------+-------------+------+-----+---------+-------+


| Field       | Type        | Null | Key | Default | Extra |


+-------------+-------------+------+-----+---------+-------+


| seller_id   | varchar(50) | NO   | PRI |         |       |


| seller_name | varchar(50) | YES  |     | NULL    |       |


+-------------+-------------+------+-----+---------+-------+


2 rows in set (0.05 sec)





mysql> desc seller;[8Gsource /home/black-knight/Development/database-open-ended/create_table.sql


ERROR 1064 (42000): You have an error in your SQL syntax; check the manual that corresponds to your MySQL server version for the right syntax to use near 'constraint fk_subscribes_for_seller foreign key(s_id) references seller(seller_i' at line 5


mysql> source /home/black-knight/Development/database-open-ended/create_table.sql


Query OK, 0 rows affected (0.05 sec)





mysql> desc subr[Ksc[Kribes_for;


ERROR 1146 (42S02): Table 'sql12283387.subsribes_for' doesn't exist


mysql> [H[2Jmysql> desc subsribes_for;[1@cr


+-------+-------------+------+-----+---------+-------+


| Field | Type        | Null | Key | Default | Extra |


+-------+-------------+------+-----+---------+-------+


| s_id  | varchar(50) | NO   | PRI |         |       |


| w_id  | varchar(50) | NO   | PRI |         |       |


+-------+-------------+------+-----+---------+-------+


2 rows in set (0.05 sec)





mysql> show tables;


+-----------------------+


| Tables_in_sql12283387 |


+-----------------------+


| customer              |


| product               |


| seller                |


| sells                 |


| subscribes_for        |


| warehouse             |


+-----------------------+


6 rows in set (0.05 sec)





mysql> [H[2Jmysql> show tables;


+-----------------------+


| Tables_in_sql12283387 |


+-----------------------+


| customer              |


| product               |


| seller                |


| sells                 |


| subscribes_for        |


| warehouse             |


+-----------------------+


6 rows in set (0.05 sec)





mysql> [H[2Jmysql> desc


    -> ;


ERROR 1064 (42000): You have an error in your SQL syntax; check the manual that corresponds to your MySQL server version for the right syntax to use near '' at line 1


mysql> show tables;


+-----------------------+


| Tables_in_sql12283387 |


+-----------------------+


| customer              |


| orders                |


| product               |


| seller                |


| sells                 |


| subscribes_for        |


| warehouse             |


+-----------------------+


7 rows in set (0.04 sec)





mysql>  show tables;[8G;[Kdescshow tables;[8Gdesc subscribes_for;[17G[Pr[27G[8Gsource /home/black-knight/Development/database-open-ended/create_table.sql[8Gdesc seller;[K[8Gsource /home/black-knight/Development/database-open-ended/create_table.sql


Query OK, 0 rows affected (0.05 sec)





mysql> de[K[Kshow tables;


+-----------------------+


| Tables_in_sql12283387 |


+-----------------------+


| customer              |


| orders                |


| product               |


| seller                |


| seller_brands         |


| sells                 |


| subscribes_for        |


| warehouse             |


+-----------------------+


8 rows in set (0.05 sec)





mysql> desc seller_br


    -> ands


    -> ;


ERROR 1146 (42S02): Table 'sql12283387.seller_br' doesn't exist


mysql> [H[2Jmysql> desc seller_br ands;[8G;[Kandsdesc seller_brands;


+-----------+-------------+------+-----+---------+-------+


| Field     | Type        | Null | Key | Default | Extra |


+-----------+-------------+------+-----+---------+-------+


| seller_id | varchar(50) | NO   | PRI | NULL    |       |


| brand     | varchar(50) | NO   |     | NULL    |       |


+-----------+-------------+------+-----+---------+-------+


2 rows in set (0.05 sec)





mysql> show tables;


+-----------------------+


| Tables_in_sql12283387 |


+-----------------------+


| customer              |


| orders                |


| product               |


| seller                |


| seller_brands         |


| sells                 |


| subscribes_for        |


| warehouse             |


+-----------------------+


8 rows in set (0.05 sec)





mysql> shot [Kw dta[K[Kt[K[Ktables;


+-----------------------+


| Tables_in_sql12283387 |


+-----------------------+


| customer              |


| orders                |


| product               |


| seller                |


| seller_brands         |


| sells                 |


| stored_in             |


| subscribes_for        |


| warehouse             |


+-----------------------+


9 rows in set (0.04 sec)





mysql> exi[K[K[Kquit


Bye


]0;black-knight@napoleon: ~/Development/database-open-ended[01;32mblack-knight@napoleon[00m:[01;34m~/Development/database-open-ended[00m$ [H[2J]0;black-knight@napoleon: ~/Development/database-open-ended[01;32mblack-knight@napoleon[00m:[01;34m~/Development/database-open-ended[00m$ ls


create_table.sql  [0m[01;34mlogs[0m  README.md  session_15_3


]0;black-knight@napoleon: ~/Development/database-open-ended[01;32mblack-knight@napoleon[00m:[01;34m~/Development/database-open-ended[00m$ git init


Initialized empty Git repository in /home/black-knight/Development/database-open-ended/.git/


]0;black-knight@napoleon: ~/Development/database-open-ended[01;32mblack-knight@napoleon[00m:[01;34m~/Development/database-open-ended[00m$ git add .


]0;black-knight@napoleon: ~/Development/database-open-ended[01;32mblack-knight@napoleon[00m:[01;34m~/Development/database-open-ended[00m$ git commit 0[K-m [K[K[K[K[K[K[K[K[K[K[K[K[K[Kgit remote [K[K[K[K[K[K[Kcommit -m "Aco[K[KC[K[Kcompel[K[K[K[K[K[KComplete[K[K[K[K[K[K[K[KFirst commit | Added create_table[K[K[K[K[K[K[K[K[K[K[K[Ktabel-c[K[K[K[K[K[K[K[Kc[K[K create_table.sql"


[master (root-commit) 93a11f3] First commit | Adde create_table.sql


 3 files changed, 264 insertions(+)


 create mode 100644 README.md


 create mode 100644 create_table.sql


 create mode 100644 session_15_3


]0;black-knight@napoleon: ~/Development/database-open-ended[01;32mblack-knight@napoleon[00m:[01;34m~/Development/database-open-ended[00m$ [H[2J]0;black-knight@napoleon: ~/Development/database-open-ended[01;32mblack-knight@napoleon[00m:[01;34m~/Development/database-open-ended[00m$ git remote add origin git@github.com:m-zaink/dbms-ecommerce.git


]0;black-knight@napoleon: ~/Development/database-open-ended[01;32mblack-knight@napoleon[00m:[01;34m~/Development/database-open-ended[00m$ git push 0[K-u origin master


Counting objects: 5, done.


Delta compression using up to 4 threads.


Compressing objects:  20% (1/5)   
Compressing objects:  40% (2/5)   
Compressing objects:  60% (3/5)   
Compressing objects:  80% (4/5)   
Compressing objects: 100% (5/5)   
Compressing objects: 100% (5/5), done.


Writing objects:  20% (1/5)   
Writing objects:  40% (2/5)   
Writing objects:  60% (3/5)   
Writing objects:  80% (4/5)   
Writing objects: 100% (5/5)   
Writing objects: 100% (5/5), 2.64 KiB | 1.32 MiB/s, done.


Total 5 (delta 0), reused 0 (delta 0)


To github.com:m-zaink/dbms-ecommerce.git


 * [new branch]      master -> master


Branch 'master' set up to track remote branch 'master' from 'origin'.


]0;black-knight@napoleon: ~/Development/database-open-ended[01;32mblack-knight@napoleon[00m:[01;34m~/Development/database-open-ended[00m$ exit[K[K[K[Kls


create_table.sql  [0m[01;34mlogs[0m  README.md  session_15_3


]0;black-knight@napoleon: ~/Development/database-open-ended[01;32mblack-knight@napoleon[00m:[01;34m~/Development/database-open-ended[00m$ cat session_15_3 


Script started on 2019-03-15 15:00:46+0530


]0;black-knight@napoleon: ~/Development/database-open-ended[01;32mblack-knight@napoleon[00m:[01;34m~/Development/database-open-ended[00m$ [H[2J]0;black-knight@napoleon: ~/Development/database-open-ended[01;32mblack-knight@napoleon[00m:[01;34m~/Development/database-open-ended[00m$ my[K[Kmysqlconnect 



Enter password: 



ERROR 1045 (28000): Access denied for user 'sql12283387'@'49.249.251.206' (using password: YES)



]0;black-knight@napoleon: ~/Development/database-open-ended[01;32mblack-knight@napoleon[00m:[01;34m~/Development/database-open-ended[00m$ [H[2J]0;black-knight@napoleon: ~/Development/database-open-ended[01;32mblack-knight@napoleon[00m:[01;34m~/Development/database-open-ended[00m$ mysqlconnect 



Enter password: 



Welcome to the MySQL monitor.  Commands end with ; or \g.



Your MySQL connection id is 48716371



Server version: 5.5.58-0ubuntu0.14.04.1 (Ubuntu)







Copyright (c) 2000, 2019, Oracle and/or its affiliates. All rights reserved.







Oracle is a registered trademark of Oracle Corporation and/or its



affiliates. Other names may be trademarks of their respective



owners.







Type 'help;' or '\h' for help. Type '\c' to clear the current input statement.







mysql> [H[2Jmysql> se[K[Kcreate ra[K[Ktable co[Kustomer(customer_id int, customer_name varcahr([K[K[K[K[Kh[Kchar(3[K20), customer_email varcahr([K[K[K[Khar(50),[K[K[K[K[K[K[K[K[K[K[K[K[K[K[K[K[K[K[K[K[K[K[K[K[K[K[K[K[K[K[K[K[K[K[K[K[K[K[K[K[K[K[K[K[K[K[K[K[K[K[K[K[K[K[K[K[K[K[K[K[K[K[K[K[K[K[K[Kr(/



    -> cusom[Ktomer_id varcahr[K[K[K[K[K[K[Kint,/



    -> cusomter_name[K[K[K[K[K[K[K[K[K[K[K[K[K;



ERROR 1064 (42000): You have an error in your SQL syntax; check the manual that corresponds to your MySQL server version for the right syntax to use near '/



cusotomer_id int,/' at line 1



mysql> [H[2Jmysql> how
mysql> ho[K[Kshowt tab[K[K[K[K tables;



+-----------------------+



| Tables_in_sql12283387 |



+-----------------------+



| seller                |



+-----------------------+



1 row in set (0.04 sec)







mysql> desc tables;



ERROR 1146 (42S02): Table 'sql12283387.tables' doesn't exist



mysql> desb tabl[K[K[K[Kselelt[K[K[Kler;



ERROR 1064 (42000): You have an error in your SQL syntax; check the manual that corresponds to your MySQL server version for the right syntax to use near 'desb seller' at line 1



mysql> s[Kdesc seller;



+-------------+-------------+------+-----+---------+-------+



| Field       | Type        | Null | Key | Default | Extra |



+-------------+-------------+------+-----+---------+-------+



| seller_id   | varchar(50) | YES  |     | NULL    |       |



| seller_name | varchar(50) | YES  |     | NULL    |       |



+-------------+-------------+------+-----+---------+-------+



2 rows in set (0.05 sec)







mysql> source /home/nl[K[Kblack-knight/[K[K[K[Kght/Docu[K[K[Kevelopments/database-open-e[Kended.[K/create_table.sql



ERROR: 



Failed to open file '/home/black-knight/Developments/database-open-ended/create_table.sql', error: 2



mysql> source /home/black-knight/Developments/database-open-ended/create_table.sql[P/



Query OK, 0 rows affected (0.05 sec)







mysql> show tables;



+-----------------------+



| Tables_in_sql12283387 |



+-----------------------+



| customer              |



| product               |



| seller                |



+-----------------------+



3 rows in set (0.05 sec)







mysql> sd[K[Kd[Ke[Kdesc customer



    -> ;



+----------------+-------------+------+-----+---------+-------+



| Field          | Type        | Null | Key | Default | Extra |



+----------------+-------------+------+-----+---------+-------+



| customer_id    | int(11)     | NO   | PRI | NULL    |       |



| customer_name  | varchar(50) | NO   |     | NULL    |       |



| customer_email | varchar(50) | NO   |     | NULL    |       |



+----------------+-------------+------+-----+---------+-------+



3 rows in set (0.05 sec)







mysql> [H[2Jmysql> shot[Kw tables;



+-----------------------+



| Tables_in_sql12283387 |



+-----------------------+



| customer              |



| product               |



| seller                |



+-----------------------+



3 rows in set (0.05 sec)







mysql> alter table cusomt[K[K[Ktomer alter[K[K[K[K[Kalter [K[K[K[K[Kalter column customer_id varcahr([K[K[K[Khar(50[K0);



ERROR 1064 (42000): You have an error in your SQL syntax; check the manual that corresponds to your MySQL server version for the right syntax to use near 'varchar(50)' at line 1



mysql> [H[2Jmysql> alter table customer alter column customer_id varchar(50);[Pc[Pc[Pc[Pc[Pc[Pc[Pu



ERROR 1064 (42000): You have an error in your SQL syntax; check the manual that corresponds to your MySQL server version for the right syntax to use near 'varchar(50)' at line 1



mysql> alter table customer alter customer_id varchar(50);[36G[7@olumn cu[66G[36G[7Pu[59G[36G[7@olumn cu[66Gid varchar(50);



ERROR 1064 (42000): You have an error in your SQL syntax; check the manual that corresponds to your MySQL server version for the right syntax to use near 'varchar(50)' at line 1



mysql> alter table customer alter column customer_id varchar(50);har(50);



ERROR 1064 (42000): You have an error in your SQL syntax; check the manual that corresponds to your MySQL server version for the right syntax to use near 'varchar(50)' at line 1



mysql> alter table customer alter column customer_id varchar(50);;[K[K[K[K[K[K[K[K[K[K[K[K[K[K[K[K[K[K[K[K[K[K[K[K[K[K[K[K[Kmodify co[K[Kcustoemr_[K[K[K[Kmer_id varcahr([K[K[K[Khar(50)[Pm[Pm[Pm[Pm[Pm[Pm[59G;



Query OK, 0 rows affected (0.05 sec)



Records: 0  Duplicates: 0  Warnings: 0







mysql> desc csut[K[K[Kustomer;



+----------------+-------------+------+-----+---------+-------+



| Field          | Type        | Null | Key | Default | Extra |



+----------------+-------------+------+-----+---------+-------+



| customer_id    | varchar(50) | NO   | PRI |         |       |



| customer_name  | varchar(50) | NO   |     | NULL    |       |



| customer_email | varchar(50) | NO   |     | NULL    |       |



+----------------+-------------+------+-----+---------+-------+



3 rows in set (0.04 sec)







mysql> [H[2Jmysql> desc customer;[8Galter table customer modify customer_id varchar(50);[29G[6@alter column[66G[36G[7Pu[59G[36G[7@olumn cu[66G[8Gshow tables;[K[8G;[Kdesc customer[8Gshow tables;[K[9Gource /home/black-knight/Development/database-open-ended/create_table.sql[45G[1@s/[83G[45G[P/[82G



Query OK, 0 rows affected (0.05 sec)







ERROR 1064 (42000): You have an error in your SQL syntax; check the manual that corresponds to your MySQL server version for the right syntax to use near 'constraint fk_subscribes_for_seller foreign key(s_id) references seller(seller_i' at line 5



mysql> source /home/black-knight/Development/database-open-ended/create_table.sql[8G[Ksource /home/black-knight/Development/database-open-ended/create_table.sql



ERROR 1064 (42000): You have an error in your SQL syntax; check the manual that corresponds to your MySQL server version for the right syntax to use near 'constraint fk_subscribes_for_seller foreign key(s_id) references seller(seller_i' at line 5



mysql> s[Kdesc seller;



+-------------+-------------+------+-----+---------+-------+



| Field       | Type        | Null | Key | Default | Extra |



+-------------+-------------+------+-----+---------+-------+



| seller_id   | varchar(50) | NO   | PRI |         |       |



| seller_name | varchar(50) | YES  |     | NULL    |       |



+-------------+-------------+------+-----+---------+-------+



2 rows in set (0.05 sec)







mysql> [H[2Jmysql> desc seller;



+-------------+-------------+------+-----+---------+-------+



| Field       | Type        | Null | Key | Default | Extra |



+-------------+-------------+------+-----]0;black-knight@napoleon: ~/Development/database-open-ended[01;32mblack-knight@napoleon[00m:[01;34m~/Development/database-open-ended[00m$ [H[2J]0;black-knight@napoleon: ~/Development/database-open-ended[01;32mblack-knight@napoleon[00m:[01;34m~/Development/database-open-ended[00m$ ls
create_table.sql  [0m[01;34mlogs[0m  README.md  session_15_3
]0;black-knight@napoleon: ~/Development/database-open-ended[01;32mblack-knight@napoleon[00m:[01;34m~/Development/database-open-ended[00m$ mv session_15_3 logs
]0;black-knight@napoleon: ~/Development/database-open-ended[01;32mblack-knight@napoleon[00m:[01;34m~/Development/database-open-ended[00m$ ls
create_table.sql  [0m[01;34mlogs[0m  README.md
]0;black-knight@napoleon: ~/Development/database-open-ended[01;32mblack-knight@napoleon[00m:[01;34m~/Development/database-open-ended[00m$ [H[2J]0;black-knight@napoleon: ~/Development/database-open-ended[01;32mblack-knight@napoleon[00m:[01;34m~/Development/database-open-ended[00m$ ls
create_table.sql  [0m[01;34mlogs[0m  README.md
]0;black-knight@napoleon: ~/Development/database-open-ended[01;32mblack-knight@napoleon[00m:[01;34m~/Development/database-open-ended[00m$ mkdir [K[K[K[K[K[Kmkdir s[Ksql_scripts
]0;black-knight@napoleon: ~/Development/database-open-ended[01;32mblack-knight@napoleon[00m:[01;34m~/Development/database-open-ended[00m$ mv s[Kcreate_table.sql  [Ksql_scripts/
]0;black-knight@napoleon: ~/Development/database-open-ended[01;32mblack-knight@napoleon[00m:[01;34m~/Development/database-open-ended[00m$ s
s: command not found
]0;black-knight@napoleon: ~/Development/database-open-ended[01;32mblack-knight@napoleon[00m:[01;34m~/Development/database-open-ended[00m$ ls
[0m[01;34mlogs[0m  README.md  [01;34msql_scripts[0m
]0;black-knight@napoleon: ~/Development/database-open-ended[01;32mblack-knight@napoleon[00m:[01;34m~/Development/database-open-ended[00m$ lls

Command 'lls' not found, did you mean:

  command 'als' from deb atool
  command 'fls' from deb sleuthkit
  command 'llc' from deb llvm
  command 'jls' from deb sleuthkit
  command 'ls' from deb coreutils
  command 'bls' from deb bacula-sd
  command 'llt' from deb storebackup
  command 'ils' from deb sleuthkit
  command 'les' from deb atm-tools
  command 'ols' from deb speech-tools
  command 'lli' from deb llvm-runtime
  command 'lrs' from deb lrslib
  command 'hls' from deb hfsutils
  command 'lvs' from deb lvm2

Try: sudo apt install <deb name>

]0;black-knight@napoleon: ~/Development/database-open-ended[01;32mblack-knight@napoleon[00m:[01;34m~/Development/database-open-ended[00m$ [H[2J]0;black-knight@napoleon: ~/Development/database-open-ended[01;32mblack-knight@napoleon[00m:[01;34m~/Development/database-open-ended[00m$ ls
[0m[01;34mlogs[0m  README.md  [01;34msql_scripts[0m
]0;black-knight@napoleon: ~/Development/database-open-ended[01;32mblack-knight@napoleon[00m:[01;34m~/Development/database-open-ended[00m$ git ocmm[K[K[K[Kadd .
]0;black-knight@napoleon: ~/Development/database-open-ended[01;32mblack-knight@napoleon[00m:[01;34m~/Development/database-open-ended[00m$ c[Kgit commit -m "Create [K[K[K[K[K[K[KRe[K[KFolder [K[K[K[K[K[Kile Structured reorganized"
[master a764995] File Structured reorganized
 3 files changed, 937 insertions(+), 225 deletions(-)
 create mode 100644 logs/session_15_3
 delete mode 100644 session_15_3
 rename create_table.sql => sql_scripts/create_table.sql (100%)
]0;black-knight@napoleon: ~/Development/database-open-ended[01;32mblack-knight@napoleon[00m:[01;34m~/Development/database-open-ended[00m$ git push
Counting objects: 5, done.
Delta compression using up to 4 threads.
Compressing objects:  33% (1/3)   
Compressing objects:  66% (2/3)   
Compressing objects: 100% (3/3)   
Compressing objects: 100% (3/3), done.
Writing objects:  20% (1/5)   
Writing objects:  40% (2/5)   
Writing objects:  60% (3/5)   
Writing objects:  80% (4/5)   
Writing objects: 100% (5/5)   
Writing objects: 100% (5/5), 4.32 KiB | 4.32 MiB/s, done.
Total 5 (delta 0), reused 0 (delta 0)
To github.com:m-zaink/dbms-ecommerce.git
   93a11f3..a764995  master -> master
]0;black-knight@napoleon: ~/Development/database-open-ended[01;32mblack-knight@napoleon[00m:[01;34m~/Development/database-open-ended[00m$ [H[2J]0;black-knight@napoleon: ~/Development/database-open-ended[01;32mblack-knight@napoleon[00m:[01;34m~/Development/database-open-ended[00m$ l[Kexit
exit

Script done on 2019-03-15 16:01:13+0530
